// Jest Snapshot v1, https://goo.gl/fbAQLP

exports[`frontend/app renders correctly 1`] = `
<Provider
  store={
    Object {
      "dispatch": [Function],
      "getState": [Function],
      "replaceReducer": [Function],
      "subscribe": [Function],
      Symbol(Symbol.observable): [Function],
    }
  }
>
  <div
    className="App"
  >
    <div
      className="App-header"
    >
      <h2>
        Welcome to Ideal Fiesta
      </h2>
    </div>
    <Connect(MatrixView) />
  </div>
</Provider>
`;
