// Jest Snapshot v1, https://goo.gl/fbAQLP

exports[`frontend/app renders correctly 1`] = `
<div
  className="App"
>
  <div
    className="App-header"
  >
    <h2>
      Welcome to Ideal Fiesta
    </h2>
  </div>
  <div
    className="matrix"
  >
    <div
      className="current-player-info"
    >
      The current Player is: 
      BLUE
    </div>
    <table
      className="matrix-table"
    >
      <tbody>
        <tr
          className="matrix-row"
        >
          <td
            className="matrix-cell"
            onClick={[Function]}
          >
            <div
              className="sand-container"
            >
              <div>
                <div
                  className="unit soldier green"
                >
                  Soldier!
                </div>
                <div
                  className="health-container"
                >
                  20
                </div>
              </div>
            </div>
          </td>
          <td
            className="matrix-cell"
            onClick={[Function]}
          >
            <div
              className="sand-container"
            >
              <div />
            </div>
          </td>
          <td
            className="matrix-cell"
            onClick={[Function]}
          >
            <div
              className="sand-container"
            >
              <div />
            </div>
          </td>
          <td
            className="matrix-cell"
            onClick={[Function]}
          >
            <div
              className="sand-container"
            >
              <div>
                <div
                  className="unit soldier red"
                >
                  SmallTank!
                </div>
                <div
                  className="health-container"
                >
                  20
                </div>
              </div>
            </div>
          </td>
          <td
            className="matrix-cell"
            onClick={[Function]}
          >
            <div
              className="sand-container"
            >
              <div />
            </div>
          </td>
        </tr>
        <tr
          className="matrix-row"
        >
          <td
            className="matrix-cell"
            onClick={[Function]}
          >
            <div
              className="ocean-container"
            >
              <div />
            </div>
          </td>
          <td
            className="matrix-cell"
            onClick={[Function]}
          >
            <div
              className="ocean-container"
            >
              <div />
            </div>
          </td>
          <td
            className="matrix-cell"
            onClick={[Function]}
          >
            <div
              className="ocean-container"
            >
              <div />
            </div>
          </td>
          <td
            className="matrix-cell"
            onClick={[Function]}
          >
            <div
              className="ocean-container"
            >
              <div />
            </div>
          </td>
          <td
            className="matrix-cell"
            onClick={[Function]}
          >
            <div
              className="land-factory-container"
              onClick={[Function]}
            >
              <div>
                <div
                  className="health-container"
                >
                  20
                </div>
              </div>
            </div>
          </td>
        </tr>
        <tr
          className="matrix-row"
        >
          <td
            className="matrix-cell"
            onClick={[Function]}
          >
            <div
              className="grass-container"
            >
              <div>
                <div
                  className="unit soldier blue"
                >
                  Soldier!
                </div>
                <div
                  className="health-container"
                >
                  20
                </div>
              </div>
            </div>
          </td>
          <td
            className="matrix-cell"
            onClick={[Function]}
          >
            <div
              className="sand-container"
            >
              <div />
            </div>
          </td>
          <td
            className="matrix-cell"
            onClick={[Function]}
          >
            <div
              className="mountain-container"
            >
              <div />
            </div>
          </td>
          <td
            className="matrix-cell"
            onClick={[Function]}
          >
            <div
              className="sand-container"
            >
              <div />
            </div>
          </td>
          <td
            className="matrix-cell"
            onClick={[Function]}
          >
            <div
              className="sand-container"
            >
              <div />
            </div>
          </td>
        </tr>
        <tr
          className="matrix-row"
        >
          <td
            className="matrix-cell"
            onClick={[Function]}
          >
            <div
              className="sand-container"
            >
              <div />
            </div>
          </td>
          <td
            className="matrix-cell"
            onClick={[Function]}
          >
            <div
              className="sand-container"
            >
              <div />
            </div>
          </td>
          <td
            className="matrix-cell"
            onClick={[Function]}
          >
            <div
              className="sand-container"
            >
              <div />
            </div>
          </td>
          <td
            className="matrix-cell"
            onClick={[Function]}
          >
            <div
              className="grass-container"
            >
              <div>
                <div
                  className="unit soldier blue"
                >
                  SmallTank!
                </div>
                <div
                  className="health-container"
                >
                  20
                </div>
              </div>
            </div>
          </td>
          <td
            className="matrix-cell"
            onClick={[Function]}
          >
            <div
              className="sand-container"
            >
              <div />
            </div>
          </td>
        </tr>
        <tr
          className="matrix-row"
        >
          <td
            className="matrix-cell"
            onClick={[Function]}
          >
            <div
              className="sand-container"
            >
              <div />
            </div>
          </td>
          <td
            className="matrix-cell"
            onClick={[Function]}
          >
            <div
              className="grass-container"
            >
              <div />
            </div>
          </td>
          <td
            className="matrix-cell"
            onClick={[Function]}
          >
            <div
              className="sand-container"
            >
              <div />
            </div>
          </td>
          <td
            className="matrix-cell"
            onClick={[Function]}
          >
            <div
              className="sand-container"
            >
              <div />
            </div>
          </td>
          <td
            className="matrix-cell"
            onClick={[Function]}
          >
            <div
              className="sand-container"
            >
              <div>
                <div
                  className="unit soldier yellow"
                >
                  Soldier!
                </div>
                <div
                  className="health-container"
                >
                  20
                </div>
              </div>
            </div>
          </td>
        </tr>
      </tbody>
    </table>
  </div>
</div>
`;
