// Jest Snapshot v1, https://goo.gl/fbAQLP

exports[`frontend/components/dialog component renders correctly 1`] = `
<div
  className="dialog-outside"
>
  <div
    className="dialog class"
  >
    <Button
      className="close"
      disabled={false}
      onClick={[Function]}
      tabIndex={0}
      text="close"
    />
    <div
      className="children"
    >
      <div>
        Children
      </div>
    </div>
  </div>
</div>
`;
