// Jest Snapshot v1, https://goo.gl/fbAQLP

exports[`frontend/components/matrix component CONNECTED selects initial state properly 1`] = `
<MatrixView
  matrix={
    Immutable.Map {
      currentPlayer: "BLUE",
      columns: 5,
      rows: 5,
      players: Immutable.List [
        "BLUE",
        "GREEN",
        "RED",
        "YELLOW",
      ],
      grid: Immutable.List [
        Immutable.List [
          Immutable.Map {
            terrain: "SAND",
            unit: Immutable.Map {
              actor: "SOLDIER",
              health: 20,
              player: "GREEN",
            },
          },
          Immutable.Map {
            terrain: "SAND",
          },
          Immutable.Map {
            terrain: "SAND",
          },
          Immutable.Map {
            terrain: "SAND",
            unit: Immutable.Map {
              actor: "SMALL_TANK",
              health: 20,
              player: "RED",
            },
          },
          Immutable.Map {
            terrain: "SAND",
          },
        ],
        Immutable.List [
          Immutable.Map {
            terrain: "OCEAN",
          },
          Immutable.Map {
            terrain: "OCEAN",
          },
          Immutable.Map {
            terrain: "OCEAN",
          },
          Immutable.Map {
            terrain: "OCEAN",
          },
          Immutable.Map {
            terrain: "LAND_FACTORY",
            building: Immutable.Map {
              health: 20,
              player: "RED",
            },
          },
        ],
        Immutable.List [
          Immutable.Map {
            terrain: "GRASS",
          },
          Immutable.Map {
            terrain: "SAND",
          },
          Immutable.Map {
            terrain: "MOUNTAIN",
          },
          Immutable.Map {
            terrain: "GRASS",
            unit: Immutable.Map {
              actor: "SOLDIER",
              health: 20,
              player: "BLUE",
            },
          },
          Immutable.Map {
            terrain: "SAND",
          },
        ],
        Immutable.List [
          Immutable.Map {
            terrain: "LAND_FACTORY",
            building: Immutable.Map {
              health: 20,
              player: "BLUE",
            },
          },
          Immutable.Map {
            terrain: "SAND",
          },
          Immutable.Map {
            terrain: "SAND",
          },
          Immutable.Map {
            terrain: "GRASS",
            unit: Immutable.Map {
              actor: "SOLDIER",
              health: 20,
              player: "BLUE",
            },
          },
          Immutable.Map {
            terrain: "SAND",
          },
        ],
        Immutable.List [
          Immutable.Map {
            terrain: "SAND",
          },
          Immutable.Map {
            terrain: "GRASS",
          },
          Immutable.Map {
            terrain: "SAND",
            unit: Immutable.Map {
              actor: "SMALL_TANK",
              health: 20,
              player: "BLUE",
            },
          },
          Immutable.Map {
            terrain: "SAND",
          },
          Immutable.Map {
            terrain: "SAND",
            unit: Immutable.Map {
              actor: "SOLDIER",
              health: 20,
              player: "YELLOW",
            },
          },
        ],
      ],
    }
  }
  store={
    Object {
      "clearActions": [Function],
      "dispatch": [Function],
      "getActions": [Function],
      "getState": [Function],
      "replaceReducer": [Function],
      "subscribe": [Function],
    }
  }
  storeSubscription={
    Subscription {
      "listeners": Object {
        "clear": [Function],
        "get": [Function],
        "notify": [Function],
        "subscribe": [Function],
      },
      "onStateChange": [Function],
      "parentSub": undefined,
      "store": Object {
        "clearActions": [Function],
        "dispatch": [Function],
        "getActions": [Function],
        "getState": [Function],
        "replaceReducer": [Function],
        "subscribe": [Function],
      },
      "unsubscribe": [Function],
    }
  }
/>
`;

exports[`frontend/components/matrix component renders correctly 1`] = `
<div
  className="matrix"
>
  <div
    className="current-player-info"
  >
    <Connect(CurrentPlayerHeader)
      currentPlayer="BLUE"
    />
  </div>
  <table
    className="matrix-table"
  >
    <tbody>
      <tr
        className="matrix-row"
        key="matrix-row-0"
      >
        <td
          className="matrix-cell"
          key="matrix-cell-0-0-SAND"
        >
          <Connect(Terrain)
            column={0}
            currentPlayer="BLUE"
            isCurrentPlayer={false}
            isOccupied={true}
            isOccupiedByPlayer={false}
            row={0}
            terrain={
              Object {
                "defenseBonus": 1,
              }
            }
          >
            <Sand
              column={0}
              currentPlayer="BLUE"
              isCurrentPlayer={false}
              isOccupied={true}
              isOccupiedByPlayer={false}
              row={0}
              terrain={
                Object {
                  "defenseBonus": 1,
                }
              }
            >
              <div>
                <div>
                  <Soldier
                    attacks={
                      Array [
                        "AIR",
                        "LAND",
                        "SEA",
                      ]
                    }
                    disabled={false}
                    inaccessibleTerrain={
                      Array [
                        "OCEAN",
                      ]
                    }
                    name="SOLDIER"
                    player="green"
                    stats={
                      Object {
                        "attack": 0.4,
                        "defense": 4,
                        "move": 3,
                        "range": 1,
                      }
                    }
                    type="LAND"
                  />
                  <Health
                    className="unit"
                    health={20}
                  />
                </div>
              </div>
            </Sand>
          </Connect(Terrain)>
        </td>
        <td
          className="matrix-cell"
          key="matrix-cell-1-0-SAND"
        >
          <Connect(Terrain)
            column={1}
            currentPlayer="BLUE"
            isCurrentPlayer={false}
            isOccupied={false}
            isOccupiedByPlayer={false}
            row={0}
            terrain={
              Object {
                "defenseBonus": 1,
              }
            }
          >
            <Sand
              column={1}
              currentPlayer="BLUE"
              isCurrentPlayer={false}
              isOccupied={false}
              isOccupiedByPlayer={false}
              row={0}
              terrain={
                Object {
                  "defenseBonus": 1,
                }
              }
            >
              <div />
            </Sand>
          </Connect(Terrain)>
        </td>
        <td
          className="matrix-cell"
          key="matrix-cell-2-0-SAND"
        >
          <Connect(Terrain)
            column={2}
            currentPlayer="BLUE"
            isCurrentPlayer={false}
            isOccupied={false}
            isOccupiedByPlayer={false}
            row={0}
            terrain={
              Object {
                "defenseBonus": 1,
              }
            }
          >
            <Sand
              column={2}
              currentPlayer="BLUE"
              isCurrentPlayer={false}
              isOccupied={false}
              isOccupiedByPlayer={false}
              row={0}
              terrain={
                Object {
                  "defenseBonus": 1,
                }
              }
            >
              <div />
            </Sand>
          </Connect(Terrain)>
        </td>
        <td
          className="matrix-cell"
          key="matrix-cell-3-0-SAND"
        >
          <Connect(Terrain)
            column={3}
            currentPlayer="BLUE"
            isCurrentPlayer={false}
            isOccupied={true}
            isOccupiedByPlayer={false}
            row={0}
            terrain={
              Object {
                "defenseBonus": 1,
              }
            }
          >
            <Sand
              column={3}
              currentPlayer="BLUE"
              isCurrentPlayer={false}
              isOccupied={true}
              isOccupiedByPlayer={false}
              row={0}
              terrain={
                Object {
                  "defenseBonus": 1,
                }
              }
            >
              <div>
                <div>
                  <SmallTank
                    attacks={
                      Array [
                        "AIR",
                        "LAND",
                        "SEA",
                      ]
                    }
                    disabled={false}
                    inaccessibleTerrain={
                      Array [
                        "OCEAN",
                        "MOUNTAIN",
                      ]
                    }
                    name="SMALL_TANK"
                    player="red"
                    stats={
                      Object {
                        "attack": 0.8,
                        "defense": 6,
                        "move": 4,
                        "range": 1,
                      }
                    }
                    type="LAND"
                  />
                  <Health
                    className="unit"
                    health={20}
                  />
                </div>
              </div>
            </Sand>
          </Connect(Terrain)>
        </td>
        <td
          className="matrix-cell"
          key="matrix-cell-4-0-SAND"
        >
          <Connect(Terrain)
            column={4}
            currentPlayer="BLUE"
            isCurrentPlayer={false}
            isOccupied={false}
            isOccupiedByPlayer={false}
            row={0}
            terrain={
              Object {
                "defenseBonus": 1,
              }
            }
          >
            <Sand
              column={4}
              currentPlayer="BLUE"
              isCurrentPlayer={false}
              isOccupied={false}
              isOccupiedByPlayer={false}
              row={0}
              terrain={
                Object {
                  "defenseBonus": 1,
                }
              }
            >
              <div />
            </Sand>
          </Connect(Terrain)>
        </td>
      </tr>
      <tr
        className="matrix-row"
        key="matrix-row-1"
      >
        <td
          className="matrix-cell"
          key="matrix-cell-0-1-OCEAN"
        >
          <Connect(Terrain)
            column={0}
            currentPlayer="BLUE"
            isCurrentPlayer={false}
            isOccupied={false}
            isOccupiedByPlayer={false}
            row={1}
            terrain={
              Object {
                "defenseBonus": 0,
              }
            }
          >
            <Ocean
              column={0}
              currentPlayer="BLUE"
              isCurrentPlayer={false}
              isOccupied={false}
              isOccupiedByPlayer={false}
              row={1}
              terrain={
                Object {
                  "defenseBonus": 0,
                }
              }
            >
              <div />
            </Ocean>
          </Connect(Terrain)>
        </td>
        <td
          className="matrix-cell"
          key="matrix-cell-1-1-OCEAN"
        >
          <Connect(Terrain)
            column={1}
            currentPlayer="BLUE"
            isCurrentPlayer={false}
            isOccupied={false}
            isOccupiedByPlayer={false}
            row={1}
            terrain={
              Object {
                "defenseBonus": 0,
              }
            }
          >
            <Ocean
              column={1}
              currentPlayer="BLUE"
              isCurrentPlayer={false}
              isOccupied={false}
              isOccupiedByPlayer={false}
              row={1}
              terrain={
                Object {
                  "defenseBonus": 0,
                }
              }
            >
              <div />
            </Ocean>
          </Connect(Terrain)>
        </td>
        <td
          className="matrix-cell"
          key="matrix-cell-2-1-OCEAN"
        >
          <Connect(Terrain)
            column={2}
            currentPlayer="BLUE"
            isCurrentPlayer={false}
            isOccupied={false}
            isOccupiedByPlayer={false}
            row={1}
            terrain={
              Object {
                "defenseBonus": 0,
              }
            }
          >
            <Ocean
              column={2}
              currentPlayer="BLUE"
              isCurrentPlayer={false}
              isOccupied={false}
              isOccupiedByPlayer={false}
              row={1}
              terrain={
                Object {
                  "defenseBonus": 0,
                }
              }
            >
              <div />
            </Ocean>
          </Connect(Terrain)>
        </td>
        <td
          className="matrix-cell"
          key="matrix-cell-3-1-OCEAN"
        >
          <Connect(Terrain)
            column={3}
            currentPlayer="BLUE"
            isCurrentPlayer={false}
            isOccupied={false}
            isOccupiedByPlayer={false}
            row={1}
            terrain={
              Object {
                "defenseBonus": 0,
              }
            }
          >
            <Ocean
              column={3}
              currentPlayer="BLUE"
              isCurrentPlayer={false}
              isOccupied={false}
              isOccupiedByPlayer={false}
              row={1}
              terrain={
                Object {
                  "defenseBonus": 0,
                }
              }
            >
              <div />
            </Ocean>
          </Connect(Terrain)>
        </td>
        <td
          className="matrix-cell"
          key="matrix-cell-4-1-LAND_FACTORY"
        >
          <Connect(Terrain)
            column={4}
            currentPlayer="BLUE"
            isCurrentPlayer={false}
            isOccupied={false}
            isOccupiedByPlayer={false}
            player="RED"
            row={1}
            terrain={
              Object {
                "actionable": true,
                "defenseBonus": 1,
                "selectable": true,
              }
            }
          >
            <LandFactory
              column={4}
              currentPlayer="BLUE"
              isCurrentPlayer={false}
              isOccupied={false}
              isOccupiedByPlayer={false}
              player="RED"
              row={1}
              terrain={
                Object {
                  "actionable": true,
                  "defenseBonus": 1,
                  "selectable": true,
                }
              }
            >
              <div>
                <Health
                  className="building"
                  health={20}
                />
              </div>
            </LandFactory>
          </Connect(Terrain)>
        </td>
      </tr>
      <tr
        className="matrix-row"
        key="matrix-row-2"
      >
        <td
          className="matrix-cell"
          key="matrix-cell-0-2-GRASS"
        >
          <Connect(Terrain)
            column={0}
            currentPlayer="BLUE"
            isCurrentPlayer={false}
            isOccupied={false}
            isOccupiedByPlayer={false}
            row={2}
            terrain={
              Object {
                "defenseBonus": 0,
              }
            }
          >
            <Grass
              column={0}
              currentPlayer="BLUE"
              isCurrentPlayer={false}
              isOccupied={false}
              isOccupiedByPlayer={false}
              row={2}
              terrain={
                Object {
                  "defenseBonus": 0,
                }
              }
            >
              <div />
            </Grass>
          </Connect(Terrain)>
        </td>
        <td
          className="matrix-cell"
          key="matrix-cell-1-2-SAND"
        >
          <Connect(Terrain)
            column={1}
            currentPlayer="BLUE"
            isCurrentPlayer={false}
            isOccupied={false}
            isOccupiedByPlayer={false}
            row={2}
            terrain={
              Object {
                "defenseBonus": 1,
              }
            }
          >
            <Sand
              column={1}
              currentPlayer="BLUE"
              isCurrentPlayer={false}
              isOccupied={false}
              isOccupiedByPlayer={false}
              row={2}
              terrain={
                Object {
                  "defenseBonus": 1,
                }
              }
            >
              <div />
            </Sand>
          </Connect(Terrain)>
        </td>
        <td
          className="matrix-cell"
          key="matrix-cell-2-2-MOUNTAIN"
        >
          <Connect(Terrain)
            column={2}
            currentPlayer="BLUE"
            isCurrentPlayer={false}
            isOccupied={false}
            isOccupiedByPlayer={false}
            row={2}
            terrain={
              Object {
                "defenseBonus": 2,
              }
            }
          >
            <Mountain
              column={2}
              currentPlayer="BLUE"
              isCurrentPlayer={false}
              isOccupied={false}
              isOccupiedByPlayer={false}
              row={2}
              terrain={
                Object {
                  "defenseBonus": 2,
                }
              }
            >
              <div />
            </Mountain>
          </Connect(Terrain)>
        </td>
        <td
          className="matrix-cell"
          key="matrix-cell-3-2-GRASS"
        >
          <Connect(Terrain)
            column={3}
            currentPlayer="BLUE"
            isCurrentPlayer={false}
            isOccupied={true}
            isOccupiedByPlayer={true}
            row={2}
            terrain={
              Object {
                "defenseBonus": 0,
              }
            }
          >
            <Grass
              column={3}
              currentPlayer="BLUE"
              isCurrentPlayer={false}
              isOccupied={true}
              isOccupiedByPlayer={true}
              row={2}
              terrain={
                Object {
                  "defenseBonus": 0,
                }
              }
            >
              <div>
                <div>
                  <Soldier
                    attacks={
                      Array [
                        "AIR",
                        "LAND",
                        "SEA",
                      ]
                    }
                    disabled={false}
                    inaccessibleTerrain={
                      Array [
                        "OCEAN",
                      ]
                    }
                    name="SOLDIER"
                    player="blue"
                    stats={
                      Object {
                        "attack": 0.4,
                        "defense": 4,
                        "move": 3,
                        "range": 1,
                      }
                    }
                    type="LAND"
                  />
                  <Health
                    className="unit"
                    health={20}
                  />
                </div>
              </div>
            </Grass>
          </Connect(Terrain)>
        </td>
        <td
          className="matrix-cell"
          key="matrix-cell-4-2-SAND"
        >
          <Connect(Terrain)
            column={4}
            currentPlayer="BLUE"
            isCurrentPlayer={false}
            isOccupied={false}
            isOccupiedByPlayer={false}
            row={2}
            terrain={
              Object {
                "defenseBonus": 1,
              }
            }
          >
            <Sand
              column={4}
              currentPlayer="BLUE"
              isCurrentPlayer={false}
              isOccupied={false}
              isOccupiedByPlayer={false}
              row={2}
              terrain={
                Object {
                  "defenseBonus": 1,
                }
              }
            >
              <div />
            </Sand>
          </Connect(Terrain)>
        </td>
      </tr>
      <tr
        className="matrix-row"
        key="matrix-row-3"
      >
        <td
          className="matrix-cell"
          key="matrix-cell-0-3-LAND_FACTORY"
        >
          <Connect(Terrain)
            column={0}
            currentPlayer="BLUE"
            isCurrentPlayer={true}
            isOccupied={false}
            isOccupiedByPlayer={false}
            player="BLUE"
            row={3}
            terrain={
              Object {
                "actionable": true,
                "defenseBonus": 1,
                "selectable": true,
              }
            }
          >
            <LandFactory
              column={0}
              currentPlayer="BLUE"
              isCurrentPlayer={true}
              isOccupied={false}
              isOccupiedByPlayer={false}
              player="BLUE"
              row={3}
              terrain={
                Object {
                  "actionable": true,
                  "defenseBonus": 1,
                  "selectable": true,
                }
              }
            >
              <div>
                <Health
                  className="building"
                  health={20}
                />
              </div>
            </LandFactory>
          </Connect(Terrain)>
        </td>
        <td
          className="matrix-cell"
          key="matrix-cell-1-3-SAND"
        >
          <Connect(Terrain)
            column={1}
            currentPlayer="BLUE"
            isCurrentPlayer={false}
            isOccupied={false}
            isOccupiedByPlayer={false}
            row={3}
            terrain={
              Object {
                "defenseBonus": 1,
              }
            }
          >
            <Sand
              column={1}
              currentPlayer="BLUE"
              isCurrentPlayer={false}
              isOccupied={false}
              isOccupiedByPlayer={false}
              row={3}
              terrain={
                Object {
                  "defenseBonus": 1,
                }
              }
            >
              <div />
            </Sand>
          </Connect(Terrain)>
        </td>
        <td
          className="matrix-cell"
          key="matrix-cell-2-3-SAND"
        >
          <Connect(Terrain)
            column={2}
            currentPlayer="BLUE"
            isCurrentPlayer={false}
            isOccupied={false}
            isOccupiedByPlayer={false}
            row={3}
            terrain={
              Object {
                "defenseBonus": 1,
              }
            }
          >
            <Sand
              column={2}
              currentPlayer="BLUE"
              isCurrentPlayer={false}
              isOccupied={false}
              isOccupiedByPlayer={false}
              row={3}
              terrain={
                Object {
                  "defenseBonus": 1,
                }
              }
            >
              <div />
            </Sand>
          </Connect(Terrain)>
        </td>
        <td
          className="matrix-cell"
          key="matrix-cell-3-3-GRASS"
        >
          <Connect(Terrain)
            column={3}
            currentPlayer="BLUE"
            isCurrentPlayer={false}
            isOccupied={true}
            isOccupiedByPlayer={true}
            row={3}
            terrain={
              Object {
                "defenseBonus": 0,
              }
            }
          >
            <Grass
              column={3}
              currentPlayer="BLUE"
              isCurrentPlayer={false}
              isOccupied={true}
              isOccupiedByPlayer={true}
              row={3}
              terrain={
                Object {
                  "defenseBonus": 0,
                }
              }
            >
              <div>
                <div>
                  <Soldier
                    attacks={
                      Array [
                        "AIR",
                        "LAND",
                        "SEA",
                      ]
                    }
                    disabled={false}
                    inaccessibleTerrain={
                      Array [
                        "OCEAN",
                      ]
                    }
                    name="SOLDIER"
                    player="blue"
                    stats={
                      Object {
                        "attack": 0.4,
                        "defense": 4,
                        "move": 3,
                        "range": 1,
                      }
                    }
                    type="LAND"
                  />
                  <Health
                    className="unit"
                    health={20}
                  />
                </div>
              </div>
            </Grass>
          </Connect(Terrain)>
        </td>
        <td
          className="matrix-cell"
          key="matrix-cell-4-3-SAND"
        >
          <Connect(Terrain)
            column={4}
            currentPlayer="BLUE"
            isCurrentPlayer={false}
            isOccupied={false}
            isOccupiedByPlayer={false}
            row={3}
            terrain={
              Object {
                "defenseBonus": 1,
              }
            }
          >
            <Sand
              column={4}
              currentPlayer="BLUE"
              isCurrentPlayer={false}
              isOccupied={false}
              isOccupiedByPlayer={false}
              row={3}
              terrain={
                Object {
                  "defenseBonus": 1,
                }
              }
            >
              <div />
            </Sand>
          </Connect(Terrain)>
        </td>
      </tr>
      <tr
        className="matrix-row"
        key="matrix-row-4"
      >
        <td
          className="matrix-cell"
          key="matrix-cell-0-4-SAND"
        >
          <Connect(Terrain)
            column={0}
            currentPlayer="BLUE"
            isCurrentPlayer={false}
            isOccupied={false}
            isOccupiedByPlayer={false}
            row={4}
            terrain={
              Object {
                "defenseBonus": 1,
              }
            }
          >
            <Sand
              column={0}
              currentPlayer="BLUE"
              isCurrentPlayer={false}
              isOccupied={false}
              isOccupiedByPlayer={false}
              row={4}
              terrain={
                Object {
                  "defenseBonus": 1,
                }
              }
            >
              <div />
            </Sand>
          </Connect(Terrain)>
        </td>
        <td
          className="matrix-cell"
          key="matrix-cell-1-4-GRASS"
        >
          <Connect(Terrain)
            column={1}
            currentPlayer="BLUE"
            isCurrentPlayer={false}
            isOccupied={false}
            isOccupiedByPlayer={false}
            row={4}
            terrain={
              Object {
                "defenseBonus": 0,
              }
            }
          >
            <Grass
              column={1}
              currentPlayer="BLUE"
              isCurrentPlayer={false}
              isOccupied={false}
              isOccupiedByPlayer={false}
              row={4}
              terrain={
                Object {
                  "defenseBonus": 0,
                }
              }
            >
              <div />
            </Grass>
          </Connect(Terrain)>
        </td>
        <td
          className="matrix-cell"
          key="matrix-cell-2-4-SAND"
        >
          <Connect(Terrain)
            column={2}
            currentPlayer="BLUE"
            isCurrentPlayer={false}
            isOccupied={true}
            isOccupiedByPlayer={true}
            row={4}
            terrain={
              Object {
                "defenseBonus": 1,
              }
            }
          >
            <Sand
              column={2}
              currentPlayer="BLUE"
              isCurrentPlayer={false}
              isOccupied={true}
              isOccupiedByPlayer={true}
              row={4}
              terrain={
                Object {
                  "defenseBonus": 1,
                }
              }
            >
              <div>
                <div>
                  <SmallTank
                    attacks={
                      Array [
                        "AIR",
                        "LAND",
                        "SEA",
                      ]
                    }
                    disabled={false}
                    inaccessibleTerrain={
                      Array [
                        "OCEAN",
                        "MOUNTAIN",
                      ]
                    }
                    name="SMALL_TANK"
                    player="blue"
                    stats={
                      Object {
                        "attack": 0.8,
                        "defense": 6,
                        "move": 4,
                        "range": 1,
                      }
                    }
                    type="LAND"
                  />
                  <Health
                    className="unit"
                    health={20}
                  />
                </div>
              </div>
            </Sand>
          </Connect(Terrain)>
        </td>
        <td
          className="matrix-cell"
          key="matrix-cell-3-4-SAND"
        >
          <Connect(Terrain)
            column={3}
            currentPlayer="BLUE"
            isCurrentPlayer={false}
            isOccupied={false}
            isOccupiedByPlayer={false}
            row={4}
            terrain={
              Object {
                "defenseBonus": 1,
              }
            }
          >
            <Sand
              column={3}
              currentPlayer="BLUE"
              isCurrentPlayer={false}
              isOccupied={false}
              isOccupiedByPlayer={false}
              row={4}
              terrain={
                Object {
                  "defenseBonus": 1,
                }
              }
            >
              <div />
            </Sand>
          </Connect(Terrain)>
        </td>
        <td
          className="matrix-cell"
          key="matrix-cell-4-4-SAND"
        >
          <Connect(Terrain)
            column={4}
            currentPlayer="BLUE"
            isCurrentPlayer={false}
            isOccupied={true}
            isOccupiedByPlayer={false}
            row={4}
            terrain={
              Object {
                "defenseBonus": 1,
              }
            }
          >
            <Sand
              column={4}
              currentPlayer="BLUE"
              isCurrentPlayer={false}
              isOccupied={true}
              isOccupiedByPlayer={false}
              row={4}
              terrain={
                Object {
                  "defenseBonus": 1,
                }
              }
            >
              <div>
                <div>
                  <Soldier
                    attacks={
                      Array [
                        "AIR",
                        "LAND",
                        "SEA",
                      ]
                    }
                    disabled={false}
                    inaccessibleTerrain={
                      Array [
                        "OCEAN",
                      ]
                    }
                    name="SOLDIER"
                    player="yellow"
                    stats={
                      Object {
                        "attack": 0.4,
                        "defense": 4,
                        "move": 3,
                        "range": 1,
                      }
                    }
                    type="LAND"
                  />
                  <Health
                    className="unit"
                    health={20}
                  />
                </div>
              </div>
            </Sand>
          </Connect(Terrain)>
        </td>
      </tr>
    </tbody>
  </table>
</div>
`;
