// Jest Snapshot v1, https://goo.gl/fbAQLP

exports[`frontend/components/button component renders correctly 1`] = `
ShallowWrapper {
  "length": 1,
  Symbol(enzyme.__root__): [Circular],
  Symbol(enzyme.__unrendered__): <Button
    className="class"
    disabled={false}
    onClick={[Function]}
    text="text"
>
    <div>
        Children
    </div>
</Button>,
  Symbol(enzyme.__renderer__): Object {
    "batchedUpdates": [Function],
    "getNode": [Function],
    "render": [Function],
    "simulateEvent": [Function],
    "unmount": [Function],
  },
  Symbol(enzyme.__node__): Object {
    "instance": null,
    "key": null,
    "nodeType": "host",
    "props": Object {
      "children": Array [
        "text",
        <div>
          Children
</div>,
      ],
      "className": "button class",
      "disabled": false,
      "onClick": [Function],
    },
    "ref": null,
    "rendered": Array [
      "text",
      Object {
        "instance": null,
        "key": null,
        "nodeType": "host",
        "props": Object {
          "children": "Children",
        },
        "ref": null,
        "rendered": "Children",
        "type": "div",
      },
    ],
    "type": "button",
  },
  Symbol(enzyme.__nodes__): Array [
    Object {
      "instance": null,
      "key": null,
      "nodeType": "host",
      "props": Object {
        "children": Array [
          "text",
          <div>
            Children
</div>,
        ],
        "className": "button class",
        "disabled": false,
        "onClick": [Function],
      },
      "ref": null,
      "rendered": Array [
        "text",
        Object {
          "instance": null,
          "key": null,
          "nodeType": "host",
          "props": Object {
            "children": "Children",
          },
          "ref": null,
          "rendered": "Children",
          "type": "div",
        },
      ],
      "type": "button",
    },
  ],
  Symbol(enzyme.__options__): Object {
    "adapter": ReactFifteenAdapter {
      "options": Object {
        "supportPrevContextArgumentOfComponentDidUpdate": true,
      },
    },
  },
}
`;
